// Jest Snapshot v1, https://goo.gl/fbAQLP

exports[`matches the snapshot 1`] = `
<div
  className="loading-container"
  id={null}
>
  <div
    className="Divider"
  >
    <div
      className="Divider__heading text-muted"
    >
      <button
        aria-controls="2019-11-06 08:46:31 by unknown"
        aria-expanded={false}
        className="Divider__title"
        id="2019-11-06 08:46:31 by unknown_button"
        onClick={[Function]}
      >
        <div
          className="Divider__title-layout"
        >
          <div
            className="Divider__title-left"
          >
            <div
              className="Divider__title-row"
            />
          </div>
          <div
            className="Divider__title-text"
          >
            <span
              aria-level={4}
              role="heading"
            >
              2019-11-06 08:46:31 by unknown
            </span>
          </div>
          <div
            className="Divider__title-right"
          >
            <div
              className="Divider__title-row"
            />
            <span
              className="SVGIcon SVGIcon--16px Divider__SVGIcon Divider__SVGIcon--collapsed"
              dangerouslySetInnerHTML={
                Object {
                  "__html": "<svg focusable=\\"false\\" data-id=\\"SVG_CHEVRON_DOWN__16\\" width=\\"16\\" height=\\"16\\" viewBox=\\"0 0 16 16\\" xmlns=\\"http://www.w3.org/2000/svg\\"><path fill=\\"none\\" stroke-linecap=\\"round\\" stroke-linejoin=\\"round\\" d=\\"M3 6l5 4.6L13 6\\"/></svg>",
                }
              }
            />
          </div>
        </div>
      </button>
    </div>
    <div
      aria-labelledby="2019-11-06 08:46:31 by unknown_button"
      className="CollapseBase"
      hidden={true}
      id="2019-11-06 08:46:31 by unknown"
      onTransitionEnd={[Function]}
      role="region"
      style={
        Object {
          "maxHeight": "0px",
        }
      }
    >
      <div
        className="CollapseBase__content Divider__body"
      >
        <div
          className="questionDiv header"
        >
          <span
            className="question"
          >
            Questions
          </span>
          <span
            className="answers old-answers"
          >
            Previous
          </span>
          <span
            className="answers"
          >
            Latest
          </span>
        </div>
        <div
          className="questionDiv"
        >
          <span
            className="question"
          >
            Regions
          </span>
          <span
            className="answers old-answers"
          >
            asd
          </span>
          <span
            className="answers new-value"
          >
            us-west-2
          </span>
        </div>
        <div
          className="questionDiv"
        >
          <span
            className="question"
          >
            #AZs
          </span>
          <span
            className="answers old-answers"
          >
            asd
          </span>
          <span
            className="answers new-value"
          >
            4
          </span>
        </div>
        <div
          className="questionDiv"
        >
          <span
            className="question"
          >
            #Instances
          </span>
          <span
            className="answers old-answers"
          >
            
          </span>
          <span
            className="answers new-value"
          >
            10
          </span>
        </div>
        <div
          className="questionDiv"
        >
          <span
            className="question"
          >
            Segment?
          </span>
          <span
            className="answers old-answers"
          >
            
          </span>
          <span
            className="answers new-value"
          >
            yes
          </span>
        </div>
        <div
          className="questionDiv"
        >
          <span
            className="question"
          >
            Chaos?
          </span>
          <span
            className="answers old-answers"
          >
            
          </span>
          <span
            className="answers new-value"
          >
            yes
          </span>
        </div>
        <div
          className="questionDiv"
        >
          <span
            className="question"
          >
            AS Verified?
          </span>
          <span
            className="answers old-answers"
          >
            
          </span>
          <span
            className="answers new-value"
          >
            no
          </span>
        </div>
        <div
          className="questionDiv"
        >
          <span
            className="question"
          >
            SPOF?
          </span>
          <span
            className="answers old-answers"
          >
            
          </span>
          <span
            className="answers"
          >
            
          </span>
        </div>
        <div
          className="questionDiv"
        >
          <span
            className="question"
          >
            4 Golden Indicators
          </span>
          <span
            className="answers old-answers"
          >
            
          </span>
          <span
            className="answers new-value"
          >
            5xx errors
          </span>
        </div>
        <div
          className="questionDiv"
        >
          <span
            className="question"
          >
            % Prod Traffic
          </span>
          <span
            className="answers old-answers"
          >
            
          </span>
          <span
            className="answers new-value"
          >
            100%
          </span>
        </div>
        <div
          className="questionDiv"
        >
          <span
            className="question"
          >
            Rev Loss pm
          </span>
          <span
            className="answers old-answers"
          >
            
          </span>
          <span
            className="answers new-value"
          >
            10K$
          </span>
        </div>
        <div
          className="questionDiv"
        >
          <span
            className="question"
          >
            Multi-Region ETA
          </span>
          <span
            className="answers old-answers"
          >
            
          </span>
          <span
            className="answers"
          >
            
          </span>
        </div>
        <div
          className="questionDiv"
        >
          <span
            className="question"
          >
            Resilient ETA
          </span>
          <span
            className="answers old-answers"
          >
            
          </span>
          <span
            className="answers"
          >
            
          </span>
        </div>
        <div
          className="questionDiv"
        >
          <span
            className="question"
          >
            Pipeline Leadtime
          </span>
          <span
            className="answers old-answers"
          >
            
          </span>
          <span
            className="answers"
          >
            
          </span>
        </div>
        <div
          className="questionDiv"
        >
          <span
            className="question"
          >
            Release Cadence
          </span>
          <span
            className="answers old-answers"
          >
            
          </span>
          <span
            className="answers"
          >
            
          </span>
        </div>
        <div
          className="questionDiv"
        >
          <span
            className="question"
          >
            Release Confirmation
          </span>
          <span
            className="answers old-answers"
          >
            
          </span>
          <span
            className="answers"
          >
            
          </span>
        </div>
        <div
          className="questionDiv"
        >
          <span
            className="question"
          >
            Rollback Time
          </span>
          <span
            className="answers old-answers"
          >
            
          </span>
          <span
            className="answers"
          >
            
          </span>
        </div>
        <div
          className="questionDiv"
        >
          <span
            className="question"
          >
            Rollback Exercise Cadence
          </span>
          <span
            className="answers old-answers"
          >
            
          </span>
          <span
            className="answers"
          >
            
          </span>
        </div>
        <div
          className="questionDiv"
        >
          <span
            className="question"
          >
            Release Success Rate
          </span>
          <span
            className="answers old-answers"
          >
            
          </span>
          <span
            className="answers new-value"
          >
            5%
          </span>
        </div>
        <div
          className="questionDiv"
        >
          <span
            className="question"
          >
            Circuit Breakers
          </span>
          <span
            className="answers old-answers"
          >
            
          </span>
          <span
            className="answers"
          >
            
          </span>
        </div>
        <div
          className="questionDiv"
        >
          <span
            className="question"
          >
            Throttling
          </span>
          <span
            className="answers old-answers"
          >
            
          </span>
          <span
            className="answers"
          >
            
          </span>
        </div>
        <div
          className="questionDiv"
        >
          <span
            className="question"
          >
            Notes
          </span>
          <span
            className="answers old-answers"
          >
            
          </span>
          <span
            className="answers new-value"
          >
            TEST
          </span>
        </div>
      </div>
    </div>
  </div>
  <div
    className="Divider"
  >
    <div
      className="Divider__heading text-muted"
    >
      <button
        aria-controls="2019-11-06 09:58:22 by unknown"
        aria-expanded={false}
        className="Divider__title"
        id="2019-11-06 09:58:22 by unknown_button"
        onClick={[Function]}
      >
        <div
          className="Divider__title-layout"
        >
          <div
            className="Divider__title-left"
          >
            <div
              className="Divider__title-row"
            />
          </div>
          <div
            className="Divider__title-text"
          >
            <span
              aria-level={4}
              role="heading"
            >
              2019-11-06 09:58:22 by unknown
            </span>
          </div>
          <div
            className="Divider__title-right"
          >
            <div
              className="Divider__title-row"
            />
            <span
              className="SVGIcon SVGIcon--16px Divider__SVGIcon Divider__SVGIcon--collapsed"
              dangerouslySetInnerHTML={
                Object {
                  "__html": "<svg focusable=\\"false\\" data-id=\\"SVG_CHEVRON_DOWN__16\\" width=\\"16\\" height=\\"16\\" viewBox=\\"0 0 16 16\\" xmlns=\\"http://www.w3.org/2000/svg\\"><path fill=\\"none\\" stroke-linecap=\\"round\\" stroke-linejoin=\\"round\\" d=\\"M3 6l5 4.6L13 6\\"/></svg>",
                }
              }
            />
          </div>
        </div>
      </button>
    </div>
    <div
      aria-labelledby="2019-11-06 09:58:22 by unknown_button"
      className="CollapseBase"
      hidden={true}
      id="2019-11-06 09:58:22 by unknown"
      onTransitionEnd={[Function]}
      role="region"
      style={
        Object {
          "maxHeight": "0px",
        }
      }
    >
      <div
        className="CollapseBase__content Divider__body"
      >
        <div
          className="questionDiv header"
        >
          <span
            className="question"
          >
            Questions
          </span>
          <span
            className="answers"
          >
            Answers
          </span>
        </div>
        <div
          className="questionDiv"
        >
          <span
            className="question"
          >
            Regions
          </span>
          <span
            className="answers"
          >
            asd
          </span>
        </div>
        <div
          className="questionDiv"
        >
          <span
            className="question"
          >
            #AZs
          </span>
          <span
            className="answers"
          >
            asd
          </span>
        </div>
        <div
          className="questionDiv"
        >
          <span
            className="question"
          >
            #Instances
          </span>
          <span
            className="answers"
          >
            
          </span>
        </div>
        <div
          className="questionDiv"
        >
          <span
            className="question"
          >
            Segment?
          </span>
          <span
            className="answers"
          >
            
          </span>
        </div>
        <div
          className="questionDiv"
        >
          <span
            className="question"
          >
            Chaos?
          </span>
          <span
            className="answers"
          >
            
          </span>
        </div>
        <div
          className="questionDiv"
        >
          <span
            className="question"
          >
            AS Verified?
          </span>
          <span
            className="answers"
          >
            
          </span>
        </div>
        <div
          className="questionDiv"
        >
          <span
            className="question"
          >
            SPOF?
          </span>
          <span
            className="answers"
          >
            
          </span>
        </div>
        <div
          className="questionDiv"
        >
          <span
            className="question"
          >
            4 Golden Indicators
          </span>
          <span
            className="answers"
          >
            
          </span>
        </div>
        <div
          className="questionDiv"
        >
          <span
            className="question"
          >
            % Prod Traffic
          </span>
          <span
            className="answers"
          >
            
          </span>
        </div>
        <div
          className="questionDiv"
        >
          <span
            className="question"
          >
            Rev Loss pm
          </span>
          <span
            className="answers"
          >
            
          </span>
        </div>
        <div
          className="questionDiv"
        >
          <span
            className="question"
          >
            Multi-Region ETA
          </span>
          <span
            className="answers"
          >
            
          </span>
        </div>
        <div
          className="questionDiv"
        >
          <span
            className="question"
          >
            Resilient ETA
          </span>
          <span
            className="answers"
          >
            
          </span>
        </div>
        <div
          className="questionDiv"
        >
          <span
            className="question"
          >
            Pipeline Leadtime
          </span>
          <span
            className="answers"
          >
            
          </span>
        </div>
        <div
          className="questionDiv"
        >
          <span
            className="question"
          >
            Release Cadence
          </span>
          <span
            className="answers"
          >
            
          </span>
        </div>
        <div
          className="questionDiv"
        >
          <span
            className="question"
          >
            Release Confirmation
          </span>
          <span
            className="answers"
          >
            
          </span>
        </div>
        <div
          className="questionDiv"
        >
          <span
            className="question"
          >
            Rollback Time
          </span>
          <span
            className="answers"
          >
            
          </span>
        </div>
        <div
          className="questionDiv"
        >
          <span
            className="question"
          >
            Rollback Exercise Cadence
          </span>
          <span
            className="answers"
          >
            
          </span>
        </div>
        <div
          className="questionDiv"
        >
          <span
            className="question"
          >
            Release Success Rate
          </span>
          <span
            className="answers"
          >
            
          </span>
        </div>
        <div
          className="questionDiv"
        >
          <span
            className="question"
          >
            Circuit Breakers
          </span>
          <span
            className="answers"
          >
            
          </span>
        </div>
        <div
          className="questionDiv"
        >
          <span
            className="question"
          >
            Throttling
          </span>
          <span
            className="answers"
          >
            
          </span>
        </div>
        <div
          className="questionDiv"
        >
          <span
            className="question"
          >
            Notes
          </span>
          <span
            className="answers"
          >
            
          </span>
        </div>
      </div>
    </div>
  </div>
  <div
    className="Divider"
  >
    <div
      className="Divider__heading text-muted"
    >
      <button
        aria-controls="2019-11-07 05:03:34 by unknown"
        aria-expanded={false}
        className="Divider__title"
        id="2019-11-07 05:03:34 by unknown_button"
        onClick={[Function]}
      >
        <div
          className="Divider__title-layout"
        >
          <div
            className="Divider__title-left"
          >
            <div
              className="Divider__title-row"
            />
          </div>
          <div
            className="Divider__title-text"
          >
            <span
              aria-level={4}
              role="heading"
            >
              2019-11-07 05:03:34 by unknown
            </span>
          </div>
          <div
            className="Divider__title-right"
          >
            <div
              className="Divider__title-row"
            />
            <span
              className="SVGIcon SVGIcon--16px Divider__SVGIcon Divider__SVGIcon--collapsed"
              dangerouslySetInnerHTML={
                Object {
                  "__html": "<svg focusable=\\"false\\" data-id=\\"SVG_CHEVRON_DOWN__16\\" width=\\"16\\" height=\\"16\\" viewBox=\\"0 0 16 16\\" xmlns=\\"http://www.w3.org/2000/svg\\"><path fill=\\"none\\" stroke-linecap=\\"round\\" stroke-linejoin=\\"round\\" d=\\"M3 6l5 4.6L13 6\\"/></svg>",
                }
              }
            />
          </div>
        </div>
      </button>
    </div>
    <div
      aria-labelledby="2019-11-07 05:03:34 by unknown_button"
      className="CollapseBase"
      hidden={true}
      id="2019-11-07 05:03:34 by unknown"
      onTransitionEnd={[Function]}
      role="region"
      style={
        Object {
          "maxHeight": "0px",
        }
      }
    >
      <div
        className="CollapseBase__content Divider__body"
      >
        <div
          className="questionDiv header"
        >
          <span
            className="question"
          >
            Questions
          </span>
          <span
            className="answers"
          >
            Answers
          </span>
        </div>
        <div
          className="questionDiv"
        >
          <span
            className="question"
          >
            Regions
          </span>
          <span
            className="answers"
          >
            test3
          </span>
        </div>
        <div
          className="questionDiv"
        >
          <span
            className="question"
          >
            #AZs
          </span>
          <span
            className="answers"
          >
            test2
          </span>
        </div>
        <div
          className="questionDiv"
        >
          <span
            className="question"
          >
            #Instances
          </span>
          <span
            className="answers"
          >
            
          </span>
        </div>
        <div
          className="questionDiv"
        >
          <span
            className="question"
          >
            Segment?
          </span>
          <span
            className="answers"
          >
            
          </span>
        </div>
        <div
          className="questionDiv"
        >
          <span
            className="question"
          >
            Chaos?
          </span>
          <span
            className="answers"
          >
            
          </span>
        </div>
        <div
          className="questionDiv"
        >
          <span
            className="question"
          >
            AS Verified?
          </span>
          <span
            className="answers"
          >
            
          </span>
        </div>
        <div
          className="questionDiv"
        >
          <span
            className="question"
          >
            SPOF?
          </span>
          <span
            className="answers"
          >
            
          </span>
        </div>
        <div
          className="questionDiv"
        >
          <span
            className="question"
          >
            4 Golden Indicators
          </span>
          <span
            className="answers"
          >
            
          </span>
        </div>
        <div
          className="questionDiv"
        >
          <span
            className="question"
          >
            % Prod Traffic
          </span>
          <span
            className="answers"
          >
            
          </span>
        </div>
        <div
          className="questionDiv"
        >
          <span
            className="question"
          >
            Rev Loss pm
          </span>
          <span
            className="answers"
          >
            test
          </span>
        </div>
        <div
          className="questionDiv"
        >
          <span
            className="question"
          >
            Multi-Region ETA
          </span>
          <span
            className="answers"
          >
            
          </span>
        </div>
        <div
          className="questionDiv"
        >
          <span
            className="question"
          >
            Resilient ETA
          </span>
          <span
            className="answers"
          >
            
          </span>
        </div>
        <div
          className="questionDiv"
        >
          <span
            className="question"
          >
            Pipeline Leadtime
          </span>
          <span
            className="answers"
          >
            
          </span>
        </div>
        <div
          className="questionDiv"
        >
          <span
            className="question"
          >
            Release Cadence
          </span>
          <span
            className="answers"
          >
            
          </span>
        </div>
        <div
          className="questionDiv"
        >
          <span
            className="question"
          >
            Release Confirmation
          </span>
          <span
            className="answers"
          >
            
          </span>
        </div>
        <div
          className="questionDiv"
        >
          <span
            className="question"
          >
            Rollback Time
          </span>
          <span
            className="answers"
          >
            
          </span>
        </div>
        <div
          className="questionDiv"
        >
          <span
            className="question"
          >
            Rollback Exercise Cadence
          </span>
          <span
            className="answers"
          >
            
          </span>
        </div>
        <div
          className="questionDiv"
        >
          <span
            className="question"
          >
            Release Success Rate
          </span>
          <span
            className="answers"
          >
            
          </span>
        </div>
        <div
          className="questionDiv"
        >
          <span
            className="question"
          >
            Circuit Breakers
          </span>
          <span
            className="answers"
          >
            
          </span>
        </div>
        <div
          className="questionDiv"
        >
          <span
            className="question"
          >
            Throttling
          </span>
          <span
            className="answers"
          >
            
          </span>
        </div>
        <div
          className="questionDiv"
        >
          <span
            className="question"
          >
            Notes
          </span>
          <span
            className="answers"
          >
            
          </span>
        </div>
      </div>
    </div>
  </div>
  <div
    className="Divider"
  >
    <div
      className="Divider__heading text-muted"
    >
      <button
        aria-controls="2019-11-08 04:29:05 by unknown"
        aria-expanded={false}
        className="Divider__title"
        id="2019-11-08 04:29:05 by unknown_button"
        onClick={[Function]}
      >
        <div
          className="Divider__title-layout"
        >
          <div
            className="Divider__title-left"
          >
            <div
              className="Divider__title-row"
            />
          </div>
          <div
            className="Divider__title-text"
          >
            <span
              aria-level={4}
              role="heading"
            >
              2019-11-08 04:29:05 by unknown
            </span>
          </div>
          <div
            className="Divider__title-right"
          >
            <div
              className="Divider__title-row"
            />
            <span
              className="SVGIcon SVGIcon--16px Divider__SVGIcon Divider__SVGIcon--collapsed"
              dangerouslySetInnerHTML={
                Object {
                  "__html": "<svg focusable=\\"false\\" data-id=\\"SVG_CHEVRON_DOWN__16\\" width=\\"16\\" height=\\"16\\" viewBox=\\"0 0 16 16\\" xmlns=\\"http://www.w3.org/2000/svg\\"><path fill=\\"none\\" stroke-linecap=\\"round\\" stroke-linejoin=\\"round\\" d=\\"M3 6l5 4.6L13 6\\"/></svg>",
                }
              }
            />
          </div>
        </div>
      </button>
    </div>
    <div
      aria-labelledby="2019-11-08 04:29:05 by unknown_button"
      className="CollapseBase"
      hidden={true}
      id="2019-11-08 04:29:05 by unknown"
      onTransitionEnd={[Function]}
      role="region"
      style={
        Object {
          "maxHeight": "0px",
        }
      }
    >
      <div
        className="CollapseBase__content Divider__body"
      >
        <div
          className="questionDiv header"
        >
          <span
            className="question"
          >
            Questions
          </span>
          <span
            className="answers"
          >
            Answers
          </span>
        </div>
        <div
          className="questionDiv"
        >
          <span
            className="question"
          >
            Regions
          </span>
          <span
            className="answers"
          >
            test
          </span>
        </div>
        <div
          className="questionDiv"
        >
          <span
            className="question"
          >
            #AZs
          </span>
          <span
            className="answers"
          >
            
          </span>
        </div>
        <div
          className="questionDiv"
        >
          <span
            className="question"
          >
            #Instances
          </span>
          <span
            className="answers"
          >
            
          </span>
        </div>
        <div
          className="questionDiv"
        >
          <span
            className="question"
          >
            Segment?
          </span>
          <span
            className="answers"
          >
            
          </span>
        </div>
        <div
          className="questionDiv"
        >
          <span
            className="question"
          >
            Chaos?
          </span>
          <span
            className="answers"
          >
            
          </span>
        </div>
        <div
          className="questionDiv"
        >
          <span
            className="question"
          >
            AS Verified?
          </span>
          <span
            className="answers"
          >
            
          </span>
        </div>
        <div
          className="questionDiv"
        >
          <span
            className="question"
          >
            SPOF?
          </span>
          <span
            className="answers"
          >
            
          </span>
        </div>
        <div
          className="questionDiv"
        >
          <span
            className="question"
          >
            4 Golden Indicators
          </span>
          <span
            className="answers"
          >
            
          </span>
        </div>
        <div
          className="questionDiv"
        >
          <span
            className="question"
          >
            % Prod Traffic
          </span>
          <span
            className="answers"
          >
            
          </span>
        </div>
        <div
          className="questionDiv"
        >
          <span
            className="question"
          >
            Rev Loss pm
          </span>
          <span
            className="answers"
          >
            
          </span>
        </div>
        <div
          className="questionDiv"
        >
          <span
            className="question"
          >
            Multi-Region ETA
          </span>
          <span
            className="answers"
          >
            
          </span>
        </div>
        <div
          className="questionDiv"
        >
          <span
            className="question"
          >
            Resilient ETA
          </span>
          <span
            className="answers"
          >
            
          </span>
        </div>
        <div
          className="questionDiv"
        >
          <span
            className="question"
          >
            Pipeline Leadtime
          </span>
          <span
            className="answers"
          >
            
          </span>
        </div>
        <div
          className="questionDiv"
        >
          <span
            className="question"
          >
            Release Cadence
          </span>
          <span
            className="answers"
          >
            
          </span>
        </div>
        <div
          className="questionDiv"
        >
          <span
            className="question"
          >
            Release Confirmation
          </span>
          <span
            className="answers"
          >
            
          </span>
        </div>
        <div
          className="questionDiv"
        >
          <span
            className="question"
          >
            Rollback Time
          </span>
          <span
            className="answers"
          >
            
          </span>
        </div>
        <div
          className="questionDiv"
        >
          <span
            className="question"
          >
            Rollback Exercise Cadence
          </span>
          <span
            className="answers"
          >
            
          </span>
        </div>
        <div
          className="questionDiv"
        >
          <span
            className="question"
          >
            Release Success Rate
          </span>
          <span
            className="answers"
          >
            
          </span>
        </div>
        <div
          className="questionDiv"
        >
          <span
            className="question"
          >
            Circuit Breakers
          </span>
          <span
            className="answers"
          >
            
          </span>
        </div>
        <div
          className="questionDiv"
        >
          <span
            className="question"
          >
            Throttling
          </span>
          <span
            className="answers"
          >
            
          </span>
        </div>
        <div
          className="questionDiv"
        >
          <span
            className="question"
          >
            Notes
          </span>
          <span
            className="answers"
          >
            asd
          </span>
        </div>
      </div>
    </div>
  </div>
  <div
    className="Divider"
  >
    <div
      className="Divider__heading text-muted"
    >
      <button
        aria-controls="2019-11-20 11:28:19 by unknown"
        aria-expanded={false}
        className="Divider__title"
        id="2019-11-20 11:28:19 by unknown_button"
        onClick={[Function]}
      >
        <div
          className="Divider__title-layout"
        >
          <div
            className="Divider__title-left"
          >
            <div
              className="Divider__title-row"
            />
          </div>
          <div
            className="Divider__title-text"
          >
            <span
              aria-level={4}
              role="heading"
            >
              2019-11-20 11:28:19 by unknown
            </span>
          </div>
          <div
            className="Divider__title-right"
          >
            <div
              className="Divider__title-row"
            />
            <span
              className="SVGIcon SVGIcon--16px Divider__SVGIcon Divider__SVGIcon--collapsed"
              dangerouslySetInnerHTML={
                Object {
                  "__html": "<svg focusable=\\"false\\" data-id=\\"SVG_CHEVRON_DOWN__16\\" width=\\"16\\" height=\\"16\\" viewBox=\\"0 0 16 16\\" xmlns=\\"http://www.w3.org/2000/svg\\"><path fill=\\"none\\" stroke-linecap=\\"round\\" stroke-linejoin=\\"round\\" d=\\"M3 6l5 4.6L13 6\\"/></svg>",
                }
              }
            />
          </div>
        </div>
      </button>
    </div>
    <div
      aria-labelledby="2019-11-20 11:28:19 by unknown_button"
      className="CollapseBase"
      hidden={true}
      id="2019-11-20 11:28:19 by unknown"
      onTransitionEnd={[Function]}
      role="region"
      style={
        Object {
          "maxHeight": "0px",
        }
      }
    >
      <div
        className="CollapseBase__content Divider__body"
      >
        <div
          className="questionDiv header"
        >
          <span
            className="question"
          >
            Questions
          </span>
          <span
            className="answers"
          >
            Answers
          </span>
        </div>
        <div
          className="questionDiv"
        >
          <span
            className="question"
          >
            Regions
          </span>
          <span
            className="answers"
          >
            aasd
          </span>
        </div>
        <div
          className="questionDiv"
        >
          <span
            className="question"
          >
            #AZs
          </span>
          <span
            className="answers"
          >
            asd
          </span>
        </div>
        <div
          className="questionDiv"
        >
          <span
            className="question"
          >
            #Instances
          </span>
          <span
            className="answers"
          >
            
          </span>
        </div>
        <div
          className="questionDiv"
        >
          <span
            className="question"
          >
            Segment?
          </span>
          <span
            className="answers"
          >
            
          </span>
        </div>
        <div
          className="questionDiv"
        >
          <span
            className="question"
          >
            Chaos?
          </span>
          <span
            className="answers"
          >
            asd
          </span>
        </div>
        <div
          className="questionDiv"
        >
          <span
            className="question"
          >
            AS Verified?
          </span>
          <span
            className="answers"
          >
            
          </span>
        </div>
        <div
          className="questionDiv"
        >
          <span
            className="question"
          >
            SPOF?
          </span>
          <span
            className="answers"
          >
            
          </span>
        </div>
        <div
          className="questionDiv"
        >
          <span
            className="question"
          >
            4 Golden Indicators
          </span>
          <span
            className="answers"
          >
            
          </span>
        </div>
        <div
          className="questionDiv"
        >
          <span
            className="question"
          >
            % Prod Traffic
          </span>
          <span
            className="answers"
          >
            
          </span>
        </div>
        <div
          className="questionDiv"
        >
          <span
            className="question"
          >
            Rev Loss pm
          </span>
          <span
            className="answers"
          >
            
          </span>
        </div>
        <div
          className="questionDiv"
        >
          <span
            className="question"
          >
            Multi-Region ETA
          </span>
          <span
            className="answers"
          >
            
          </span>
        </div>
        <div
          className="questionDiv"
        >
          <span
            className="question"
          >
            Resilient ETA
          </span>
          <span
            className="answers"
          >
            
          </span>
        </div>
        <div
          className="questionDiv"
        >
          <span
            className="question"
          >
            Pipeline Leadtime
          </span>
          <span
            className="answers"
          >
            
          </span>
        </div>
        <div
          className="questionDiv"
        >
          <span
            className="question"
          >
            Release Cadence
          </span>
          <span
            className="answers"
          >
            
          </span>
        </div>
        <div
          className="questionDiv"
        >
          <span
            className="question"
          >
            Release Confirmation
          </span>
          <span
            className="answers"
          >
            
          </span>
        </div>
        <div
          className="questionDiv"
        >
          <span
            className="question"
          >
            Rollback Time
          </span>
          <span
            className="answers"
          >
            
          </span>
        </div>
        <div
          className="questionDiv"
        >
          <span
            className="question"
          >
            Rollback Exercise Cadence
          </span>
          <span
            className="answers"
          >
            
          </span>
        </div>
        <div
          className="questionDiv"
        >
          <span
            className="question"
          >
            Release Success Rate
          </span>
          <span
            className="answers"
          >
            
          </span>
        </div>
        <div
          className="questionDiv"
        >
          <span
            className="question"
          >
            Circuit Breakers
          </span>
          <span
            className="answers"
          >
            
          </span>
        </div>
        <div
          className="questionDiv"
        >
          <span
            className="question"
          >
            Throttling
          </span>
          <span
            className="answers"
          >
            
          </span>
        </div>
        <div
          className="questionDiv"
        >
          <span
            className="question"
          >
            Notes
          </span>
          <span
            className="answers"
          >
            
          </span>
        </div>
      </div>
    </div>
  </div>
</div>
`;

exports[`matches the snapshot with only one saved questionnaire 1`] = `
<div
  className="loading-container"
  id={null}
>
  <div
    className="Divider"
  >
    <div
      className="Divider__heading text-muted"
    >
      <button
        aria-controls="2019-11-06 08:46:31 by unknown"
        aria-expanded={false}
        className="Divider__title"
        id="2019-11-06 08:46:31 by unknown_button"
        onClick={[Function]}
      >
        <div
          className="Divider__title-layout"
        >
          <div
            className="Divider__title-left"
          >
            <div
              className="Divider__title-row"
            />
          </div>
          <div
            className="Divider__title-text"
          >
            <span
              aria-level={4}
              role="heading"
            >
              2019-11-06 08:46:31 by unknown
            </span>
          </div>
          <div
            className="Divider__title-right"
          >
            <div
              className="Divider__title-row"
            />
            <span
              className="SVGIcon SVGIcon--16px Divider__SVGIcon Divider__SVGIcon--collapsed"
              dangerouslySetInnerHTML={
                Object {
                  "__html": "<svg focusable=\\"false\\" data-id=\\"SVG_CHEVRON_DOWN__16\\" width=\\"16\\" height=\\"16\\" viewBox=\\"0 0 16 16\\" xmlns=\\"http://www.w3.org/2000/svg\\"><path fill=\\"none\\" stroke-linecap=\\"round\\" stroke-linejoin=\\"round\\" d=\\"M3 6l5 4.6L13 6\\"/></svg>",
                }
              }
            />
          </div>
        </div>
      </button>
    </div>
    <div
      aria-labelledby="2019-11-06 08:46:31 by unknown_button"
      className="CollapseBase"
      hidden={true}
      id="2019-11-06 08:46:31 by unknown"
      onTransitionEnd={[Function]}
      role="region"
      style={
        Object {
          "maxHeight": "0px",
        }
      }
    >
      <div
        className="CollapseBase__content Divider__body"
      >
        <div
          className="questionDiv header"
        >
          <span
            className="question"
          >
            Questions
          </span>
          <span
            className="answers"
          >
            Answers
          </span>
        </div>
        <div
          className="questionDiv"
        >
          <span
            className="question"
          >
            Regions
          </span>
          <span
            className="answers"
          >
            us-west-2
          </span>
        </div>
        <div
          className="questionDiv"
        >
          <span
            className="question"
          >
            #AZs
          </span>
          <span
            className="answers"
          >
            4
          </span>
        </div>
        <div
          className="questionDiv"
        >
          <span
            className="question"
          >
            #Instances
          </span>
          <span
            className="answers"
          >
            10
          </span>
        </div>
        <div
          className="questionDiv"
        >
          <span
            className="question"
          >
            Segment?
          </span>
          <span
            className="answers"
          >
            yes
          </span>
        </div>
        <div
          className="questionDiv"
        >
          <span
            className="question"
          >
            Chaos?
          </span>
          <span
            className="answers"
          >
            yes
          </span>
        </div>
        <div
          className="questionDiv"
        >
          <span
            className="question"
          >
            AS Verified?
          </span>
          <span
            className="answers"
          >
            no
          </span>
        </div>
        <div
          className="questionDiv"
        >
          <span
            className="question"
          >
            SPOF?
          </span>
          <span
            className="answers"
          >
            
          </span>
        </div>
        <div
          className="questionDiv"
        >
          <span
            className="question"
          >
            4 Golden Indicators
          </span>
          <span
            className="answers"
          >
            5xx errors
          </span>
        </div>
        <div
          className="questionDiv"
        >
          <span
            className="question"
          >
            % Prod Traffic
          </span>
          <span
            className="answers"
          >
            100%
          </span>
        </div>
        <div
          className="questionDiv"
        >
          <span
            className="question"
          >
            Rev Loss pm
          </span>
          <span
            className="answers"
          >
            10K$
          </span>
        </div>
        <div
          className="questionDiv"
        >
          <span
            className="question"
          >
            Multi-Region ETA
          </span>
          <span
            className="answers"
          >
            
          </span>
        </div>
        <div
          className="questionDiv"
        >
          <span
            className="question"
          >
            Resilient ETA
          </span>
          <span
            className="answers"
          >
            
          </span>
        </div>
        <div
          className="questionDiv"
        >
          <span
            className="question"
          >
            Pipeline Leadtime
          </span>
          <span
            className="answers"
          >
            
          </span>
        </div>
        <div
          className="questionDiv"
        >
          <span
            className="question"
          >
            Release Cadence
          </span>
          <span
            className="answers"
          >
            
          </span>
        </div>
        <div
          className="questionDiv"
        >
          <span
            className="question"
          >
            Release Confirmation
          </span>
          <span
            className="answers"
          >
            
          </span>
        </div>
        <div
          className="questionDiv"
        >
          <span
            className="question"
          >
            Rollback Time
          </span>
          <span
            className="answers"
          >
            
          </span>
        </div>
        <div
          className="questionDiv"
        >
          <span
            className="question"
          >
            Rollback Exercise Cadence
          </span>
          <span
            className="answers"
          >
            
          </span>
        </div>
        <div
          className="questionDiv"
        >
          <span
            className="question"
          >
            Release Success Rate
          </span>
          <span
            className="answers"
          >
            5%
          </span>
        </div>
        <div
          className="questionDiv"
        >
          <span
            className="question"
          >
            Circuit Breakers
          </span>
          <span
            className="answers"
          >
            
          </span>
        </div>
        <div
          className="questionDiv"
        >
          <span
            className="question"
          >
            Throttling
          </span>
          <span
            className="answers"
          >
            
          </span>
        </div>
        <div
          className="questionDiv"
        >
          <span
            className="question"
          >
            Notes
          </span>
          <span
            className="answers"
          >
            TEST
          </span>
        </div>
      </div>
    </div>
  </div>
</div>
`;
