// Jest Snapshot v1, https://goo.gl/fbAQLP

exports[`matches the snapshot 1`] = `
<div
  className="form-group floating-label empty"
>
  <textarea
    aria-label="# Availability Zones Deployed to"
    className="FormTextArea__textarea form-control FormTextArea__textarea--auto-expand"
    id="0"
    name="0"
    onBlur={[Function]}
    onChange={[Function]}
    onFocus={[Function]}
    placeholder="# Availability Zones Deployed to"
    value={undefined}
  />
  <label
    className="FormTextArea__floating-label"
    htmlFor="0"
  >
    # Availability Zones Deployed to
  </label>
</div>
`;
