// Jest Snapshot v1, https://goo.gl/fbAQLP

exports[`matches the snapshot 1`] = `
Array [
  <h1
    className="page-title"
  >
    Purchase Success Rates
  </h1>,
  <div
    className="loading-container"
    id={null}
  >
    <div
      className="LoadingOverlay fade in"
      role="status"
    >
      <ul
        aria-hidden={true}
        className="LoadingOverlay__ul"
      >
        <li
          className="LoadingOverlay__li LoadingOverlay__li--1 bg-brand"
        />
        <li
          className="LoadingOverlay__li LoadingOverlay__li--2 bg-brand"
        />
        <li
          className="LoadingOverlay__li LoadingOverlay__li--3 bg-brand"
        />
        <li
          className="LoadingOverlay__li LoadingOverlay__li--4 bg-brand"
        />
      </ul>
    </div>
  </div>,
]
`;

exports[`matches the snapshot 2`] = `
<div
  className="brandPsr selected"
  onClick={[Function]}
  onKeyDown={[Function]}
  role="button"
  tabIndex="0"
>
  <img
    alt="vrbo-logo"
    className="brandLogoImg"
    height="35"
    src={Object {}}
  />
  <div
    className="lastUpdate"
  >
    Last update 2019-01-01
  </div>
  <div
    className={undefined}
    id="vrbo"
    style={
      Object {
        "height": 150,
        "width": 250,
      }
    }
  />
</div>
`;
